           Description: Libor Option Principal Payment


Effective 06-Feb-2015 BORROWER ST_47112 has elected to prepay
under the Libor Option a total of USD 415,666.67.
Please see details below.

Deal ISIN: 000402625-01
Deal CUSIP: 037833100
Facility ISIN: 000402625-01
Facility CUSIP: 037833100
This loan was effective 02-Feb-2015 and is scheduled
to reprice on 02-Apr-2015.


Your risk share will decrease by USD 1,039.17.


|<comment>|