                  Description: Available/Unutilized Ongoing Fee Payment                  


Effective 13-Mar-2015 Borrower_ABC_35105 will make payment against the Available/Unutilized Fee totaling USD 69.58.


Deal ISIN: 000402625-01
Deal CUSIP: 037833100
Facility ISIN: 000402625-01
Facility CUSIP: 037833100






 Please remit your funds USD 69.58 to arrive on the effective date.


For: Borrower_ABC_35105
Correspondent Bank: CITIBANK N.A. (Swift ID: CITIUS33ARR)  
Account: IQFS New York

Reference: BDSBLC15107, 


|<comment>|