
On 12-Feb-2015 the following transaction(s) totaling:
 USD 766,472.16 

 will be made.

 Details:
In Deal: DEALTERMINATION12116
In facility REVOLVERFACILITY21157 :

LIBOR Interest Payment 
 BORROWERDEALTERMINATION05129 will pay interest on the Libor Option loan effective
21-Jan-2015, scheduled to reprice on 28-Jan-2015,
totaling USD 189.58.  

Accrual Line Item(s) are as follows:

Libor Option Interest Payment

Rate Basis:  Actual/360

      Start         End Days CCY    Balance      Rate Amount
___________ ___________ ____ ___ __________ _________ ______

21-Jan-2015 27-Jan-2015    7 USD 250,000.00 3.900000% 189.58








LIBOR Interest Payment 
 BORROWERDEALTERMINATION05129 will pay interest on the Libor Option loan effective
21-Jan-2015, scheduled to reprice on 28-Jan-2015,
totaling USD 189.58.  

Accrual Line Item(s) are as follows:

Libor Option Interest Payment

Rate Basis:  Actual/360

      Start         End Days CCY    Balance      Rate Amount
___________ ___________ ____ ___ __________ _________ ______

28-Jan-2015 03-Feb-2015    7 USD 250,000.00 3.900000% 189.58








LIBOR Interest Payment 
 BORROWERDEALTERMINATION05129 will pay interest on the Libor Option loan effective
21-Jan-2015, scheduled to reprice on 28-Jan-2015,
totaling USD 189.58.  

Accrual Line Item(s) are as follows:

Libor Option Interest Payment

Rate Basis:  Actual/360

      Start         End Days CCY    Balance      Rate Amount
___________ ___________ ____ ___ __________ _________ ______

04-Feb-2015 10-Feb-2015    7 USD 250,000.00 3.900000% 189.58








LIBOR Interest Payment 
 BORROWERDEALTERMINATION05129 will pay interest on the Libor Option loan effective
21-Jan-2015, scheduled to reprice on 28-Jan-2015,
totaling USD 27.08.  

Accrual Line Item(s) are as follows:

Libor Option Interest Payment

Rate Basis:  Actual/360

      Start         End Days CCY    Balance      Rate Amount
___________ ___________ ____ ___ __________ _________ ______

11-Feb-2015 11-Feb-2015    1 USD 250,000.00 3.900000%  27.08








LIBOR Interest Payment 
 BORROWERDEALTERMINATION05129 will pay interest on the Libor Option loan effective
28-Jan-2015, scheduled to reprice on 04-Feb-2015,
totaling USD 406.25.  

Accrual Line Item(s) are as follows:

Libor Option Interest Payment

Rate Basis:  Actual/360

      Start         End Days CCY    Balance      Rate Amount
___________ ___________ ____ ___ __________ _________ ______

28-Jan-2015 11-Feb-2015   15 USD 250,000.00 3.900000% 406.25








LIBOR Principal Payment
 BORROWERDEALTERMINATION05129 will pay principal on the Libor Option loan effective
21-Jan-2015, scheduled to reprice on 28-Jan-2015,
totaling USD 250,000.00.  




LIBOR Principal Payment
 BORROWERDEALTERMINATION05129 will pay principal on the Libor Option loan effective
28-Jan-2015, scheduled to reprice on 04-Feb-2015,
totaling USD 250,000.00.  




Full Prepayment Fee Fee Payment 
 BORROWERDEALTERMINATION05129 will make payment totaling USD 5,000.00.




Full Prepayment Fee Fee Payment 
 BORROWERDEALTERMINATION05129 will make payment totaling USD 5,000.00.




In Deal: DEALTERMINATION12116
In facility TERMFACILITY44143 :

LIBOR Interest Payment 
 BORROWERDEALTERMINATION05129 will pay interest on the Libor Option loan effective
21-Jan-2015, scheduled to reprice on 28-Jan-2015,
totaling USD 204.17.  

Accrual Line Item(s) are as follows:

Libor Option Interest Payment

Rate Basis:  Actual/360

      Start         End Days CCY    Balance      Rate Amount
___________ ___________ ____ ___ __________ _________ ______

28-Jan-2015 03-Feb-2015    7 USD 250,000.00 4.200000% 204.17








LIBOR Interest Payment 
 BORROWERDEALTERMINATION05129 will pay interest on the Libor Option loan effective
21-Jan-2015, scheduled to reprice on 28-Jan-2015,
totaling USD 204.17.  

Accrual Line Item(s) are as follows:

Libor Option Interest Payment

Rate Basis:  Actual/360

      Start         End Days CCY    Balance      Rate Amount
___________ ___________ ____ ___ __________ _________ ______

04-Feb-2015 10-Feb-2015    7 USD 250,000.00 4.200000% 204.17








LIBOR Interest Payment 
 BORROWERDEALTERMINATION05129 will pay interest on the Libor Option loan effective
21-Jan-2015, scheduled to reprice on 28-Jan-2015,
totaling USD 29.17.  

Accrual Line Item(s) are as follows:

Libor Option Interest Payment

Rate Basis:  Actual/360

      Start         End Days CCY    Balance      Rate Amount
___________ ___________ ____ ___ __________ _________ ______

11-Feb-2015 11-Feb-2015    1 USD 250,000.00 4.200000%  29.17








Available/Unutilized Ongoing Fee Payment
 BORROWERDEALTERMINATION05129 will make payment against the Available/Unutilized Fee totaling
USD 32.58.  

Accrual Line Item(s) are as follows:

Ongoing Fee Payment

Rate Basis:  Actual/360

      Start         End Days CCY      Balance      Rate Amount
___________ ___________ ____ ___ ____________ _________ ______

14-Jan-2015 20-Jan-2015    7 USD 5,000,000.00 0.020000%  19.44
21-Jan-2015 11-Feb-2015   22 USD 4,510,000.00 0.020000%  55.12






LIBOR Principal Payment
 BORROWERDEALTERMINATION05129 will pay principal on the Libor Option loan effective
21-Jan-2015, scheduled to reprice on 28-Jan-2015,
totaling USD 250,000.00.  




Full Prepayment Fee Fee Payment 
 BORROWERDEALTERMINATION05129 will make payment totaling USD 5,000.00.




 



Deal ISIN: 000402625-01
Deal CUSIP: 037833100

Facility ISIN / CUSIP are as follows: 

Facility Name                           ISIN                 CUSIP               
--------------------------------------------------------------------------------
TERMFACILITY44143                       000402625-01         037833100           
REVOLVERFACILITY21157                   000402625-01         037833100           









We will charge your account for an amount of USD 766,472.16 on the effective date.


For: BORROWERDEALTERMINATION05129
Demand Deposit Account


Account No:  
DDA1
Name:  
DDA1
Routing Number:  
 


Reference: DEALTERMINATION12116, 





|<comment>|